// Jest Snapshot v1, https://goo.gl/fbAQLP

exports[`StepManager when more steps are expected but generator is done throws 1`] = `"Too many steps were provided for the generator"`;
